// Jest Snapshot v1, https://goo.gl/fbAQLP

exports[`pages/user-list/UserListContainer should render correctly 1`] = `
<div>
  <div
    class="css-1kl3tk9"
  >
    <div
      class="css-j7qwjs"
    >
      <div
        class="chakra-input__group css-1hm0tut"
      >
        <div
          class="chakra-input__left-element css-1cw84h2"
        >
          <svg
            fill="currentColor"
            height="1em"
            viewBox="0 0 24 24"
            width="1em"
            x="0px"
            xmlns="http://www.w3.org/2000/svg"
            y="0px"
          >
            <path
              d="M 9 2 C 5.1458514 2 2 5.1458514 2 9 C 2 12.854149 5.1458514 16 9 16 C 10.747998 16 12.345009 15.348024 13.574219 14.28125 L 14 14.707031 L 14 16 L 20 22 L 22 20 L 16 14 L 14.707031 14 L 14.28125 13.574219 C 15.348024 12.345009 16 10.747998 16 9 C 16 5.1458514 12.854149 2 9 2 z M 9 4 C 11.773268 4 14 6.2267316 14 9 C 14 11.773268 11.773268 14 9 14 C 6.2267316 14 4 11.773268 4 9 C 4 6.2267316 6.2267316 4 9 4 z"
            />
          </svg>
        </div>
        <input
          class="chakra-input css-8tczqk"
          placeholder="Search user"
          type="search"
          value=""
        />
      </div>
      <div
        class="chakra-table__container css-zipzvv"
      >
        <table
          class="chakra-table css-1kvgk9m"
          role="table"
        >
          <thead
            class="css-1h4etlm"
          >
            <tr
              class="css-0"
              role="row"
            >
              <th
                class="css-1lpxuf2"
                colspan="1"
                role="columnheader"
                style="cursor: pointer;"
                title="Toggle SortBy"
              >
                Id
                <span
                  class="css-176c8l1"
                />
              </th>
              <th
                class="css-1lpxuf2"
                colspan="1"
                role="columnheader"
                style="cursor: pointer;"
                title="Toggle SortBy"
              >
                Full Name
                <span
                  class="css-176c8l1"
                />
              </th>
              <th
                class="css-1lpxuf2"
                colspan="1"
                role="columnheader"
                style="cursor: pointer;"
                title="Toggle SortBy"
              >
                Email
                <span
                  class="css-176c8l1"
                />
              </th>
              <th
                class="css-1lpxuf2"
                colspan="1"
                role="columnheader"
              >
                
                <span
                  class="css-176c8l1"
                />
              </th>
            </tr>
          </thead>
          <tbody
            class="css-tdnrhj"
          >
            <tr
              class="css-0"
              role="row"
            >
              <td
                class="css-xumdn4"
                colspan="1"
                role="gridcell"
              >
                No search results found
              </td>
            </tr>
          </tbody>
        </table>
      </div>
      <button
        class="chakra-button css-1bxdac1"
        type="button"
      >
        New User
      </button>
    </div>
  </div>
</div>
`;
